<?xml version="1.0" encoding="utf-8"?><testsuites><testsuite name="pytest" errors="0" failures="0" skipped="0" tests="5" time="39.914" timestamp="2023-09-08T21:50:30.586517" hostname="NO00448143"><testcase classname="tests.sportscar.body.test_body.BodyTests" name="test_can_navigate_to_body_page" time="7.048" /><testcase classname="tests.sportscar.body.test_body.BodyTests" name="test_bumper" time="0.001" /><testcase classname="tests.sportscar.body.test_body.BodyTests" name="test_windshield" time="0.000" /><testcase classname="tests.sportscar.engine.test_engine" name="test_can_navigate_to_engine_page" time="18.099" /><testcase classname="tests.sportscar.entertainment.test_entertainment" name="test_can_navigate_to_entertainment_page" time="6.380" /></testsuite></testsuites>